// Jest Snapshot v1, https://goo.gl/fbAQLP

exports[`Render Button render correctly default Button component 1`] = `
<button
  className="button"
  type="button"
>
  Кнопка
</button>
`;
